// Jest Snapshot v1, https://goo.gl/fbAQLP

exports[`Currency Exchange Component shallow snapshot 1`] = `
<styled.div>
  <ExchangeRate />
  <SwitchExchangeCurrencies />
  <ExchangePockets />
  <SubmitExchangeButton />
</styled.div>
`;
